// Jest Snapshot v1, https://goo.gl/fbAQLP

exports[`root renders with theme context 1`] = `
.c4 {
  margin-right: 1ch;
}

.c0 {
  display: -webkit-box;
  display: -webkit-flex;
  display: -ms-flexbox;
  display: flex;
  width: 100vw;
  height: 100vh;
}

.c2 {
  display: -webkit-box;
  display: -webkit-flex;
  display: -ms-flexbox;
  display: flex;
  -webkit-align-items: center;
  -webkit-box-align: center;
  -ms-flex-align: center;
  align-items: center;
}

.c1 {
  -webkit-align-items: center;
  -webkit-box-align: center;
  -ms-flex-align: center;
  align-items: center;
  -webkit-box-pack: center;
  -webkit-justify-content: center;
  -ms-flex-pack: center;
  justify-content: center;
}

.c3 {
  display: -webkit-box;
  display: -webkit-flex;
  display: -ms-flexbox;
  display: flex;
  font-size: 1.5rem;
  color: inherit;
}

@media (prefers-reduced-motion:reduce) {

}

<div
  class="c0 c1"
  height="100vh"
  width="100vw"
>
  <div
    class="c2"
  >
    <div
      class="c3"
      color="inherit"
      font-size="4"
    >
      <span />
    </div>
    <div
      class="c4"
    />
    Hello World
  </div>
</div>
`;
